../Core/Src/ApplicationCode.c:27:6:ApplicationInit	8	static
../Core/Src/ApplicationCode.c:54:6:LCD_Visual_Demo	8	static
../Core/Src/ApplicationCode.c:60:6:LCD_Touch_Polling_Demo	624	dynamic
../Core/Src/ApplicationCode.c:315:6:init_button_application	8	static
../Core/Src/ApplicationCode.c:319:6:init_RNG_application	8	static
../Core/Src/ApplicationCode.c:323:6:init_button_interrupt_application	8	static
../Core/Src/ApplicationCode.c:327:6:EXTI0_IRQHandler	8	static
../Core/Src/ApplicationCode.c:336:6:TIM5_IRQHandler	8	static
